// Jest Snapshot v1, https://goo.gl/fbAQLP

exports[`<TodoApp /> renders a list of todos 1`] = `ReactWrapper {}`;
